Archive member included to satisfy reference by file (symbol)

C:/ST/STM32CubeCLT_1.17.0/GNU-tools-for-STM32/bin/../lib/gcc/arm-none-eabi/12.3.1/../../../../arm-none-eabi/lib/thumb/v6-m/nofp\libc_nano.a(libc_a-exit.o)
                              C:/ST/STM32CubeCLT_1.17.0/GNU-tools-for-STM32/bin/../lib/gcc/arm-none-eabi/12.3.1/../../../../arm-none-eabi/lib/thumb/v6-m/nofp/crt0.o (exit)
C:/ST/STM32CubeCLT_1.17.0/GNU-tools-for-STM32/bin/../lib/gcc/arm-none-eabi/12.3.1/../../../../arm-none-eabi/lib/thumb/v6-m/nofp\libc_nano.a(libc_a-findfp.o)
                              C:/ST/STM32CubeCLT_1.17.0/GNU-tools-for-STM32/bin/../lib/gcc/arm-none-eabi/12.3.1/../../../../arm-none-eabi/lib/thumb/v6-m/nofp\libc_nano.a(libc_a-exit.o) (__stdio_exit_handler)
C:/ST/STM32CubeCLT_1.17.0/GNU-tools-for-STM32/bin/../lib/gcc/arm-none-eabi/12.3.1/../../../../arm-none-eabi/lib/thumb/v6-m/nofp\libc_nano.a(libc_a-fwalk.o)
                              C:/ST/STM32CubeCLT_1.17.0/GNU-tools-for-STM32/bin/../lib/gcc/arm-none-eabi/12.3.1/../../../../arm-none-eabi/lib/thumb/v6-m/nofp\libc_nano.a(libc_a-findfp.o) (_fwalk_sglue)
C:/ST/STM32CubeCLT_1.17.0/GNU-tools-for-STM32/bin/../lib/gcc/arm-none-eabi/12.3.1/../../../../arm-none-eabi/lib/thumb/v6-m/nofp\libc_nano.a(libc_a-stdio.o)
                              C:/ST/STM32CubeCLT_1.17.0/GNU-tools-for-STM32/bin/../lib/gcc/arm-none-eabi/12.3.1/../../../../arm-none-eabi/lib/thumb/v6-m/nofp\libc_nano.a(libc_a-findfp.o) (__sread)
C:/ST/STM32CubeCLT_1.17.0/GNU-tools-for-STM32/bin/../lib/gcc/arm-none-eabi/12.3.1/../../../../arm-none-eabi/lib/thumb/v6-m/nofp\libc_nano.a(libc_a-memset.o)
                              C:/ST/STM32CubeCLT_1.17.0/GNU-tools-for-STM32/bin/../lib/gcc/arm-none-eabi/12.3.1/../../../../arm-none-eabi/lib/thumb/v6-m/nofp/crt0.o (memset)
C:/ST/STM32CubeCLT_1.17.0/GNU-tools-for-STM32/bin/../lib/gcc/arm-none-eabi/12.3.1/../../../../arm-none-eabi/lib/thumb/v6-m/nofp\libc_nano.a(libc_a-closer.o)
                              C:/ST/STM32CubeCLT_1.17.0/GNU-tools-for-STM32/bin/../lib/gcc/arm-none-eabi/12.3.1/../../../../arm-none-eabi/lib/thumb/v6-m/nofp\libc_nano.a(libc_a-stdio.o) (_close_r)
C:/ST/STM32CubeCLT_1.17.0/GNU-tools-for-STM32/bin/../lib/gcc/arm-none-eabi/12.3.1/../../../../arm-none-eabi/lib/thumb/v6-m/nofp\libc_nano.a(libc_a-reent.o)
                              C:/ST/STM32CubeCLT_1.17.0/GNU-tools-for-STM32/bin/../lib/gcc/arm-none-eabi/12.3.1/../../../../arm-none-eabi/lib/thumb/v6-m/nofp\libc_nano.a(libc_a-closer.o) (errno)
C:/ST/STM32CubeCLT_1.17.0/GNU-tools-for-STM32/bin/../lib/gcc/arm-none-eabi/12.3.1/../../../../arm-none-eabi/lib/thumb/v6-m/nofp\libc_nano.a(libc_a-impure.o)
                              C:/ST/STM32CubeCLT_1.17.0/GNU-tools-for-STM32/bin/../lib/gcc/arm-none-eabi/12.3.1/../../../../arm-none-eabi/lib/thumb/v6-m/nofp\libc_nano.a(libc_a-reent.o) (_impure_ptr)
C:/ST/STM32CubeCLT_1.17.0/GNU-tools-for-STM32/bin/../lib/gcc/arm-none-eabi/12.3.1/../../../../arm-none-eabi/lib/thumb/v6-m/nofp\libc_nano.a(libc_a-lseekr.o)
                              C:/ST/STM32CubeCLT_1.17.0/GNU-tools-for-STM32/bin/../lib/gcc/arm-none-eabi/12.3.1/../../../../arm-none-eabi/lib/thumb/v6-m/nofp\libc_nano.a(libc_a-stdio.o) (_lseek_r)
C:/ST/STM32CubeCLT_1.17.0/GNU-tools-for-STM32/bin/../lib/gcc/arm-none-eabi/12.3.1/../../../../arm-none-eabi/lib/thumb/v6-m/nofp\libc_nano.a(libc_a-readr.o)
                              C:/ST/STM32CubeCLT_1.17.0/GNU-tools-for-STM32/bin/../lib/gcc/arm-none-eabi/12.3.1/../../../../arm-none-eabi/lib/thumb/v6-m/nofp\libc_nano.a(libc_a-stdio.o) (_read_r)
C:/ST/STM32CubeCLT_1.17.0/GNU-tools-for-STM32/bin/../lib/gcc/arm-none-eabi/12.3.1/../../../../arm-none-eabi/lib/thumb/v6-m/nofp\libc_nano.a(libc_a-writer.o)
                              C:/ST/STM32CubeCLT_1.17.0/GNU-tools-for-STM32/bin/../lib/gcc/arm-none-eabi/12.3.1/../../../../arm-none-eabi/lib/thumb/v6-m/nofp\libc_nano.a(libc_a-stdio.o) (_write_r)
C:/ST/STM32CubeCLT_1.17.0/GNU-tools-for-STM32/bin/../lib/gcc/arm-none-eabi/12.3.1/../../../../arm-none-eabi/lib/thumb/v6-m/nofp\libc_nano.a(libc_a-init.o)
                              C:/ST/STM32CubeCLT_1.17.0/GNU-tools-for-STM32/bin/../lib/gcc/arm-none-eabi/12.3.1/../../../../arm-none-eabi/lib/thumb/v6-m/nofp/crt0.o (__libc_init_array)
C:/ST/STM32CubeCLT_1.17.0/GNU-tools-for-STM32/bin/../lib/gcc/arm-none-eabi/12.3.1/../../../../arm-none-eabi/lib/thumb/v6-m/nofp\libc_nano.a(libc_a-lock.o)
                              C:/ST/STM32CubeCLT_1.17.0/GNU-tools-for-STM32/bin/../lib/gcc/arm-none-eabi/12.3.1/../../../../arm-none-eabi/lib/thumb/v6-m/nofp\libc_nano.a(libc_a-findfp.o) (__retarget_lock_init_recursive)
C:/ST/STM32CubeCLT_1.17.0/GNU-tools-for-STM32/bin/../lib/gcc/arm-none-eabi/12.3.1/../../../../arm-none-eabi/lib/thumb/v6-m/nofp\libc_nano.a(libc_a-freer.o)
                              C:/ST/STM32CubeCLT_1.17.0/GNU-tools-for-STM32/bin/../lib/gcc/arm-none-eabi/12.3.1/../../../../arm-none-eabi/lib/thumb/v6-m/nofp\libc_nano.a(libc_a-reent.o) (_free_r)
[...]
Memory Configuration

Name             Origin             Length             Attributes
RAM              0x20000000         0x00001800         xrw
FLASH            0x08000000         0x00008000         xr
*default*        0x00000000         0xffffffff

Linker script and memory map

LOAD C:/ST/STM32CubeCLT_1.17.0/GNU-tools-for-STM32/bin/../lib/gcc/arm-none-eabi/12.3.1/thumb/v6-m/nofp/crti.o
LOAD C:/ST/STM32CubeCLT_1.17.0/GNU-tools-for-STM32/bin/../lib/gcc/arm-none-eabi/12.3.1/thumb/v6-m/nofp/crtbegin.o
LOAD C:/ST/STM32CubeCLT_1.17.0/GNU-tools-for-STM32/bin/../lib/gcc/arm-none-eabi/12.3.1/../../../../arm-none-eabi/lib/thumb/v6-m/nofp/crt0.o
START GROUP
LOAD C:/ST/STM32CubeCLT_1.17.0/GNU-tools-for-STM32/bin/../lib/gcc/arm-none-eabi/12.3.1/../../../../arm-none-eabi/lib/thumb/v6-m/nofp\libc_nano.a
LOAD C:/ST/STM32CubeCLT_1.17.0/GNU-tools-for-STM32/bin/../lib/gcc/arm-none-eabi/12.3.1/../../../../arm-none-eabi/lib/thumb/v6-m/nofp\libm.a
END GROUP
LOAD CMakeFiles/current_sink_sw.dir/Core/Lib/MCP4728/MCP4728.c.obj
LOAD CMakeFiles/current_sink_sw.dir/Core/Lib/MCP4728/MCP4728_user.c.obj
LOAD CMakeFiles/current_sink_sw.dir/Core/Lib/segment_lib/segment_lib.c.obj
LOAD CMakeFiles/current_sink_sw.dir/Core/Src/utility.c.obj
LOAD CMakeFiles/current_sink_sw.dir/Core/Lib/TaskManager/task_manager.c.obj
LOAD CMakeFiles/current_sink_sw.dir/Core/Src/main.c.obj
LOAD CMakeFiles/current_sink_sw.dir/Core/Src/gpio.c.obj
LOAD CMakeFiles/current_sink_sw.dir/Core/Src/adc.c.obj
LOAD CMakeFiles/current_sink_sw.dir/Core/Src/i2c.c.obj
LOAD CMakeFiles/current_sink_sw.dir/Core/Src/stm32f0xx_it.c.obj
LOAD CMakeFiles/current_sink_sw.dir/Core/Src/stm32f0xx_hal_msp.c.obj
LOAD CMakeFiles/current_sink_sw.dir/Drivers/STM32F0xx_HAL_Driver/Src/stm32f0xx_hal_adc.c.obj
LOAD CMakeFiles/current_sink_sw.dir/Drivers/STM32F0xx_HAL_Driver/Src/stm32f0xx_hal_adc_ex.c.obj
LOAD CMakeFiles/current_sink_sw.dir/Drivers/STM32F0xx_HAL_Driver/Src/stm32f0xx_hal_rcc.c.obj
LOAD CMakeFiles/current_sink_sw.dir/Drivers/STM32F0xx_HAL_Driver/Src/stm32f0xx_hal_rcc_ex.c.obj
LOAD CMakeFiles/current_sink_sw.dir/Drivers/STM32F0xx_HAL_Driver/Src/stm32f0xx_hal.c.obj
LOAD CMakeFiles/current_sink_sw.dir/Drivers/STM32F0xx_HAL_Driver/Src/stm32f0xx_hal_i2c.c.obj
LOAD CMakeFiles/current_sink_sw.dir/Drivers/STM32F0xx_HAL_Driver/Src/stm32f0xx_hal_i2c_ex.c.obj
LOAD CMakeFiles/current_sink_sw.dir/Drivers/STM32F0xx_HAL_Driver/Src/stm32f0xx_hal_gpio.c.obj
LOAD CMakeFiles/current_sink_sw.dir/Drivers/STM32F0xx_HAL_Driver/Src/stm32f0xx_hal_dma.c.obj
LOAD CMakeFiles/current_sink_sw.dir/Drivers/STM32F0xx_HAL_Driver/Src/stm32f0xx_hal_cortex.c.obj
LOAD CMakeFiles/current_sink_sw.dir/Drivers/STM32F0xx_HAL_Driver/Src/stm32f0xx_hal_pwr.c.obj
LOAD CMakeFiles/current_sink_sw.dir/Drivers/STM32F0xx_HAL_Driver/Src/stm32f0xx_hal_pwr_ex.c.obj
LOAD CMakeFiles/current_sink_sw.dir/Drivers/STM32F0xx_HAL_Driver/Src/stm32f0xx_hal_flash.c.obj
LOAD CMakeFiles/current_sink_sw.dir/Drivers/STM32F0xx_HAL_Driver/Src/stm32f0xx_hal_flash_ex.c.obj
LOAD CMakeFiles/current_sink_sw.dir/Drivers/STM32F0xx_HAL_Driver/Src/stm32f0xx_hal_exti.c.obj
LOAD CMakeFiles/current_sink_sw.dir/Core/Src/system_stm32f0xx.c.obj
LOAD CMakeFiles/current_sink_sw.dir/Core/Src/sysmem.c.obj
LOAD CMakeFiles/current_sink_sw.dir/Core/Src/syscalls.c.obj
LOAD CMakeFiles/current_sink_sw.dir/startup_stm32f042x6.s.obj
START GROUP
LOAD C:/ST/STM32CubeCLT_1.17.0/GNU-tools-for-STM32/bin/../lib/gcc/arm-none-eabi/12.3.1/thumb/v6-m/nofp\libgcc.a
LOAD C:/ST/STM32CubeCLT_1.17.0/GNU-tools-for-STM32/bin/../lib/gcc/arm-none-eabi/12.3.1/../../../../arm-none-eabi/lib/thumb/v6-m/nofp\libg_nano.a
LOAD C:/ST/STM32CubeCLT_1.17.0/GNU-tools-for-STM32/bin/../lib/gcc/arm-none-eabi/12.3.1/../../../../arm-none-eabi/lib/thumb/v6-m/nofp\libc_nano.a
END GROUP
START GROUP
LOAD C:/ST/STM32CubeCLT_1.17.0/GNU-tools-for-STM32/bin/../lib/gcc/arm-none-eabi/12.3.1/thumb/v6-m/nofp\libgcc.a
LOAD C:/ST/STM32CubeCLT_1.17.0/GNU-tools-for-STM32/bin/../lib/gcc/arm-none-eabi/12.3.1/../../../../arm-none-eabi/lib/thumb/v6-m/nofp\libc_nano.a
END GROUP
LOAD C:/ST/STM32CubeCLT_1.17.0/GNU-tools-for-STM32/bin/../lib/gcc/arm-none-eabi/12.3.1/thumb/v6-m/nofp/crtend.o
LOAD C:/ST/STM32CubeCLT_1.17.0/GNU-tools-for-STM32/bin/../lib/gcc/arm-none-eabi/12.3.1/thumb/v6-m/nofp/crtn.o
                0x20001800                        _estack = (ORIGIN (RAM) + LENGTH (RAM))
                0x00000200                        _Min_Heap_Size = 0x200
                0x00000400                        _Min_Stack_Size = 0x400

.isr_vector     0x08000000       0xc0
                0x08000000                        . = ALIGN (0x4)
 *(.isr_vector)
 .isr_vector    0x08000000       0xc0 CMakeFiles/current_sink_sw.dir/startup_stm32f042x6.s.obj
                0x08000000                g_pfnVectors
                0x080000c0                        . = ALIGN (0x4)

.text           0x080000c0     0x3ad8
                0x080000c0                        . = ALIGN (0x4)
 *(.text)
 .text          0x080000c0       0x48 C:/ST/STM32CubeCLT_1.17.0/GNU-tools-for-STM32/bin/../lib/gcc/arm-none-eabi/12.3.1/thumb/v6-m/nofp/crtbegin.o
 .text          0x08000108      0x114 C:/ST/STM32CubeCLT_1.17.0/GNU-tools-for-STM32/bin/../lib/gcc/arm-none-eabi/12.3.1/thumb/v6-m/nofp\libgcc.a(_udivsi3.o)
                0x08000108                __aeabi_uidiv
                0x08000108                __udivsi3
                0x08000214                __aeabi_uidivmod
 .text          0x0800021c        0x4 C:/ST/STM32CubeCLT_1.17.0/GNU-tools-for-STM32/bin/../lib/gcc/arm-none-eabi/12.3.1/thumb/v6-m/nofp\libgcc.a(_dvmd_tls.o)
                0x0800021c                __aeabi_idiv0
                0x0800021c                __aeabi_ldiv0
 *(.text*)
 .text.memset   0x08000220       0x10 C:/ST/STM32CubeCLT_1.17.0/GNU-tools-for-STM32/bin/../lib/gcc/arm-none-eabi/12.3.1/../../../../arm-none-eabi/lib/thumb/v6-m/nofp\libc_nano.a(libc_a-memset.o)
                0x08000220                memset
 .text.__libc_init_array
                0x08000230       0x48 C:/ST/STM32CubeCLT_1.17.0/GNU-tools-for-STM32/bin/../lib/gcc/arm-none-eabi/12.3.1/../../../../arm-none-eabi/lib/thumb/v6-m/nofp\libc_nano.a(libc_a-init.o)
                0x08000230                __libc_init_array
 .text.bufferAdd
                0x08000278       0x8c CMakeFiles/current_sink_sw.dir/Core/Lib/MCP4728/MCP4728.c.obj
                0x08000278                bufferAdd
 .text.bufferClear
                0x08000304       0x18 CMakeFiles/current_sink_sw.dir/Core/Lib/MCP4728/MCP4728.c.obj
                0x08000304                bufferClear
 .text.bufferTransmit
                0x0800031c       0x50 CMakeFiles/current_sink_sw.dir/Core/Lib/MCP4728/MCP4728.c.obj
                0x0800031c                bufferTransmit
 .text.mcpSetMemoryMap
                0x0800036c      0x108 CMakeFiles/current_sink_sw.dir/Core/Lib/MCP4728/MCP4728.c.obj
                0x0800036c                mcpSetMemoryMap
 .text.mcpClearMemoryMap
                0x08000474       0x38 CMakeFiles/current_sink_sw.dir/Core/Lib/MCP4728/MCP4728.c.obj
                0x08000474                mcpClearMemoryMap
 .text.mcpWriteString
                0x080004ac      0x110 CMakeFiles/current_sink_sw.dir/Core/Lib/MCP4728/MCP4728.c.obj
                0x080004ac                mcpWriteString
 .text.mcpInit  0x080005bc      0x1d4 CMakeFiles/current_sink_sw.dir/Core/Lib/MCP4728/MCP4728.c.obj
                0x080005bc                mcpInit
 .text.mcpWriteDisplay
                0x08000790       0x64 CMakeFiles/current_sink_sw.dir/Core/Lib/MCP4728/MCP4728.c.obj
                0x08000790                mcpWriteDisplay
 .text.mcpSetADSET
                0x080007f4       0x66 CMakeFiles/current_sink_sw.dir/Core/Lib/MCP4728/MCP4728.c.obj
                0x080007f4                mcpSetADSET
 .text.mcpSetICSET
                0x0800085a       0x3a CMakeFiles/current_sink_sw.dir/Core/Lib/MCP4728/MCP4728.c.obj
                0x0800085a                mcpSetICSET
 .text.mcpSetDISCTL
                0x08000894       0x3a CMakeFiles/current_sink_sw.dir/Core/Lib/MCP4728/MCP4728.c.obj
                0x08000894                mcpSetDISCTL
 .text.mcpSetMODESET
                0x080008ce       0x44 CMakeFiles/current_sink_sw.dir/Core/Lib/MCP4728/MCP4728.c.obj
                0x080008ce                mcpSetMODESET
 .text.mcpSetBLKCTL
                0x08000912       0x3a CMakeFiles/current_sink_sw.dir/Core/Lib/MCP4728/MCP4728.c.obj
                0x08000912                mcpSetBLKCTL
 .text.mcpSetAPCTL
                0x0800094c       0x34 CMakeFiles/current_sink_sw.dir/Core/Lib/MCP4728/MCP4728.c.obj
                0x0800094c                mcpSetAPCTL
 .text.segmentAddressBit
                0x08000980      0x220 CMakeFiles/current_sink_sw.dir/Core/Lib/MCP4728/MCP4728_user.c.obj
                0x08000980                segmentAddressBit
 .text.initSegements
                0x08000ba0      0x1d4 CMakeFiles/current_sink_sw.dir/Core/Lib/segment_lib/segment_lib.c.obj
                0x08000ba0                initSegements
 .text.txMcp    0x08000d74       0x60 CMakeFiles/current_sink_sw.dir/Core/Src/utility.c.obj
                0x08000d74                txMcp
 .text.rxMcp    0x08000dd4       0x44 CMakeFiles/current_sink_sw.dir/Core/Src/utility.c.obj
                0x08000dd4                rxMcp
 .text.main     0x08000e18      0x114 CMakeFiles/current_sink_sw.dir/Core/Src/main.c.obj
                0x08000e18                main
 .text.SystemClock_Config
                0x08000f2c       0xba CMakeFiles/current_sink_sw.dir/Core/Src/main.c.obj
                0x08000f2c                SystemClock_Config
 *fill*         0x08000fe6        0x2 
 .text.HAL_GPIO_EXTI_Callback
                0x08000fe8       0x20 CMakeFiles/current_sink_sw.dir/Core/Src/main.c.obj
                0x08000fe8                HAL_GPIO_EXTI_Callback
 .text.Error_Handler
                0x08001008        0xc CMakeFiles/current_sink_sw.dir/Core/Src/main.c.obj
                0x08001008                Error_Handler
 .text.MX_GPIO_Init
                0x08001014      0x130 CMakeFiles/current_sink_sw.dir/Core/Src/gpio.c.obj
                0x08001014                MX_GPIO_Init
 .text.MX_ADC_Init
                0x08001144       0xd0 CMakeFiles/current_sink_sw.dir/Core/Src/adc.c.obj
                0x08001144                MX_ADC_Init
 .text.HAL_ADC_MspInit
                0x08001214       0x9c CMakeFiles/current_sink_sw.dir/Core/Src/adc.c.obj
                0x08001214                HAL_ADC_MspInit
 .text.MX_I2C1_Init
                0x080012b0       0x80 CMakeFiles/current_sink_sw.dir/Core/Src/i2c.c.obj
                0x080012b0                MX_I2C1_Init
 .text.HAL_I2C_MspInit
                0x08001330       0xe8 CMakeFiles/current_sink_sw.dir/Core/Src/i2c.c.obj
                0x08001330                HAL_I2C_MspInit
 .text.NMI_Handler
                0x08001418        0x8 CMakeFiles/current_sink_sw.dir/Core/Src/stm32f0xx_it.c.obj
                0x08001418                NMI_Handler
 .text.HardFault_Handler
                0x08001420        0x8 CMakeFiles/current_sink_sw.dir/Core/Src/stm32f0xx_it.c.obj
                0x08001420                HardFault_Handler
 .text.SVC_Handler
                0x08001428        0xa CMakeFiles/current_sink_sw.dir/Core/Src/stm32f0xx_it.c.obj
                0x08001428                SVC_Handler
 .text.PendSV_Handler
                0x08001432        0xa CMakeFiles/current_sink_sw.dir/Core/Src/stm32f0xx_it.c.obj
                0x08001432                PendSV_Handler
 .text.SysTick_Handler
                0x0800143c        0xe CMakeFiles/current_sink_sw.dir/Core/Src/stm32f0xx_it.c.obj
                0x0800143c                SysTick_Handler
 .text.EXTI0_1_IRQHandler
                0x0800144a       0x10 CMakeFiles/current_sink_sw.dir/Core/Src/stm32f0xx_it.c.obj
                0x0800144a                EXTI0_1_IRQHandler
 .text.EXTI2_3_IRQHandler
                0x0800145a       0x10 CMakeFiles/current_sink_sw.dir/Core/Src/stm32f0xx_it.c.obj
                0x0800145a                EXTI2_3_IRQHandler
 *fill*         0x0800146a        0x2 
 .text.ADC1_IRQHandler
                0x0800146c       0x18 CMakeFiles/current_sink_sw.dir/Core/Src/stm32f0xx_it.c.obj
                0x0800146c                ADC1_IRQHandler
 .text.HAL_MspInit
                0x08001484       0x48 CMakeFiles/current_sink_sw.dir/Core/Src/stm32f0xx_hal_msp.c.obj
                0x08001484                HAL_MspInit
 .text.HAL_ADC_Init
                0x080014cc      0x280 CMakeFiles/current_sink_sw.dir/Drivers/STM32F0xx_HAL_Driver/Src/stm32f0xx_hal_adc.c.obj
                0x080014cc                HAL_ADC_Init
 .text.HAL_ADC_IRQHandler
                0x0800174c      0x148 CMakeFiles/current_sink_sw.dir/Drivers/STM32F0xx_HAL_Driver/Src/stm32f0xx_hal_adc.c.obj
                0x0800174c                HAL_ADC_IRQHandler
 .text.HAL_ADC_ConvCpltCallback
                0x08001894       0x10 CMakeFiles/current_sink_sw.dir/Drivers/STM32F0xx_HAL_Driver/Src/stm32f0xx_hal_adc.c.obj
                0x08001894                HAL_ADC_ConvCpltCallback
 .text.HAL_ADC_LevelOutOfWindowCallback
                0x080018a4       0x10 CMakeFiles/current_sink_sw.dir/Drivers/STM32F0xx_HAL_Driver/Src/stm32f0xx_hal_adc.c.obj
                0x080018a4                HAL_ADC_LevelOutOfWindowCallback
 .text.HAL_ADC_ErrorCallback
                0x080018b4       0x10 CMakeFiles/current_sink_sw.dir/Drivers/STM32F0xx_HAL_Driver/Src/stm32f0xx_hal_adc.c.obj
                0x080018b4                HAL_ADC_ErrorCallback
 .text.HAL_ADC_ConfigChannel
                0x080018c4      0x21c CMakeFiles/current_sink_sw.dir/Drivers/STM32F0xx_HAL_Driver/Src/stm32f0xx_hal_adc.c.obj
                0x080018c4                HAL_ADC_ConfigChannel
 .text.HAL_RCC_OscConfig
                0x08001ae0      0x70c CMakeFiles/current_sink_sw.dir/Drivers/STM32F0xx_HAL_Driver/Src/stm32f0xx_hal_rcc.c.obj
                0x08001ae0                HAL_RCC_OscConfig
 .text.HAL_RCC_ClockConfig
                0x080021ec      0x1b4 CMakeFiles/current_sink_sw.dir/Drivers/STM32F0xx_HAL_Driver/Src/stm32f0xx_hal_rcc.c.obj
                0x080021ec                HAL_RCC_ClockConfig
 .text.HAL_RCC_GetSysClockFreq
                0x080023a0       0xe4 CMakeFiles/current_sink_sw.dir/Drivers/STM32F0xx_HAL_Driver/Src/stm32f0xx_hal_rcc.c.obj
                0x080023a0                HAL_RCC_GetSysClockFreq
 .text.HAL_RCCEx_PeriphCLKConfig
                0x08002484      0x1dc CMakeFiles/current_sink_sw.dir/Drivers/STM32F0xx_HAL_Driver/Src/stm32f0xx_hal_rcc_ex.c.obj
                0x08002484                HAL_RCCEx_PeriphCLKConfig
 .text.HAL_Init
                0x08002660       0x28 CMakeFiles/current_sink_sw.dir/Drivers/STM32F0xx_HAL_Driver/Src/stm32f0xx_hal.c.obj
                0x08002660                HAL_Init
 .text.HAL_InitTick
                0x08002688       0x68 CMakeFiles/current_sink_sw.dir/Drivers/STM32F0xx_HAL_Driver/Src/stm32f0xx_hal.c.obj
                0x08002688                HAL_InitTick
 .text.HAL_IncTick
                0x080026f0       0x24 CMakeFiles/current_sink_sw.dir/Drivers/STM32F0xx_HAL_Driver/Src/stm32f0xx_hal.c.obj
                0x080026f0                HAL_IncTick
 .text.HAL_GetTick
                0x08002714       0x14 CMakeFiles/current_sink_sw.dir/Drivers/STM32F0xx_HAL_Driver/Src/stm32f0xx_hal.c.obj
                0x08002714                HAL_GetTick
 .text.HAL_Delay
                0x08002728       0x48 CMakeFiles/current_sink_sw.dir/Drivers/STM32F0xx_HAL_Driver/Src/stm32f0xx_hal.c.obj
                0x08002728                HAL_Delay
 .text.HAL_I2C_Init
                0x08002770      0x14c CMakeFiles/current_sink_sw.dir/Drivers/STM32F0xx_HAL_Driver/Src/stm32f0xx_hal_i2c.c.obj
                0x08002770                HAL_I2C_Init
 .text.HAL_I2C_Master_Transmit
                0x080028bc      0x254 CMakeFiles/current_sink_sw.dir/Drivers/STM32F0xx_HAL_Driver/Src/stm32f0xx_hal_i2c.c.obj
                0x080028bc                HAL_I2C_Master_Transmit
 .text.HAL_I2C_Master_Receive
                0x08002b10      0x210 CMakeFiles/current_sink_sw.dir/Drivers/STM32F0xx_HAL_Driver/Src/stm32f0xx_hal_i2c.c.obj
                0x08002b10                HAL_I2C_Master_Receive
 .text.HAL_I2C_IsDeviceReady
                0x08002d20      0x1f8 CMakeFiles/current_sink_sw.dir/Drivers/STM32F0xx_HAL_Driver/Src/stm32f0xx_hal_i2c.c.obj
                0x08002d20                HAL_I2C_IsDeviceReady
 .text.I2C_Flush_TXDR
                0x08002f18       0x44 CMakeFiles/current_sink_sw.dir/Drivers/STM32F0xx_HAL_Driver/Src/stm32f0xx_hal_i2c.c.obj
 .text.I2C_WaitOnFlagUntilTimeout
                0x08002f5c       0xb0 CMakeFiles/current_sink_sw.dir/Drivers/STM32F0xx_HAL_Driver/Src/stm32f0xx_hal_i2c.c.obj
 .text.I2C_WaitOnTXISFlagUntilTimeout
                0x0800300c       0x8c CMakeFiles/current_sink_sw.dir/Drivers/STM32F0xx_HAL_Driver/Src/stm32f0xx_hal_i2c.c.obj
 .text.I2C_WaitOnSTOPFlagUntilTimeout
                0x08003098       0x86 CMakeFiles/current_sink_sw.dir/Drivers/STM32F0xx_HAL_Driver/Src/stm32f0xx_hal_i2c.c.obj
 *fill*         0x0800311e        0x2 
 .text.I2C_WaitOnRXNEFlagUntilTimeout
                0x08003120      0x13c CMakeFiles/current_sink_sw.dir/Drivers/STM32F0xx_HAL_Driver/Src/stm32f0xx_hal_i2c.c.obj
 .text.I2C_IsErrorOccurred
                0x0800325c      0x1f0 CMakeFiles/current_sink_sw.dir/Drivers/STM32F0xx_HAL_Driver/Src/stm32f0xx_hal_i2c.c.obj
 .text.I2C_TransferConfig
                0x0800344c       0x74 CMakeFiles/current_sink_sw.dir/Drivers/STM32F0xx_HAL_Driver/Src/stm32f0xx_hal_i2c.c.obj
 .text.HAL_I2CEx_ConfigAnalogFilter
                0x080034c0       0x98 CMakeFiles/current_sink_sw.dir/Drivers/STM32F0xx_HAL_Driver/Src/stm32f0xx_hal_i2c_ex.c.obj
                0x080034c0                HAL_I2CEx_ConfigAnalogFilter
 .text.HAL_I2CEx_ConfigDigitalFilter
                0x08003558       0x98 CMakeFiles/current_sink_sw.dir/Drivers/STM32F0xx_HAL_Driver/Src/stm32f0xx_hal_i2c_ex.c.obj
                0x08003558                HAL_I2CEx_ConfigDigitalFilter
 .text.HAL_GPIO_Init
                0x080035f0      0x2d0 CMakeFiles/current_sink_sw.dir/Drivers/STM32F0xx_HAL_Driver/Src/stm32f0xx_hal_gpio.c.obj
                0x080035f0                HAL_GPIO_Init
 .text.HAL_GPIO_WritePin
                0x080038c0       0x3a CMakeFiles/current_sink_sw.dir/Drivers/STM32F0xx_HAL_Driver/Src/stm32f0xx_hal_gpio.c.obj
                0x080038c0                HAL_GPIO_WritePin
 *fill*         0x080038fa        0x2 
 .text.HAL_GPIO_EXTI_IRQHandler
                0x080038fc       0x38 CMakeFiles/current_sink_sw.dir/Drivers/STM32F0xx_HAL_Driver/Src/stm32f0xx_hal_gpio.c.obj
                0x080038fc                HAL_GPIO_EXTI_IRQHandler
 .text.__NVIC_EnableIRQ
                0x08003934       0x34 CMakeFiles/current_sink_sw.dir/Drivers/STM32F0xx_HAL_Driver/Src/stm32f0xx_hal_cortex.c.obj
 .text.__NVIC_SetPriority
                0x08003968       0xdc CMakeFiles/current_sink_sw.dir/Drivers/STM32F0xx_HAL_Driver/Src/stm32f0xx_hal_cortex.c.obj
 .text.SysTick_Config
                0x08003a44       0x48 CMakeFiles/current_sink_sw.dir/Drivers/STM32F0xx_HAL_Driver/Src/stm32f0xx_hal_cortex.c.obj
 .text.HAL_NVIC_SetPriority
                0x08003a8c       0x2a CMakeFiles/current_sink_sw.dir/Drivers/STM32F0xx_HAL_Driver/Src/stm32f0xx_hal_cortex.c.obj
                0x08003a8c                HAL_NVIC_SetPriority
 .text.HAL_NVIC_EnableIRQ
                0x08003ab6       0x20 CMakeFiles/current_sink_sw.dir/Drivers/STM32F0xx_HAL_Driver/Src/stm32f0xx_hal_cortex.c.obj
                0x08003ab6                HAL_NVIC_EnableIRQ
 .text.HAL_SYSTICK_Config
                0x08003ad6       0x1a CMakeFiles/current_sink_sw.dir/Drivers/STM32F0xx_HAL_Driver/Src/stm32f0xx_hal_cortex.c.obj
                0x08003ad6                HAL_SYSTICK_Config
 .text.SystemInit
                0x08003af0        0xa CMakeFiles/current_sink_sw.dir/Core/Src/system_stm32f0xx.c.obj
                0x08003af0                SystemInit
 *fill*         0x08003afa        0x2 
 .text.Reset_Handler
                0x08003afc       0x80 CMakeFiles/current_sink_sw.dir/startup_stm32f042x6.s.obj
                0x08003afc                Reset_Handler
 .text.Default_Handler
                0x08003b7c        0x2 CMakeFiles/current_sink_sw.dir/startup_stm32f042x6.s.obj
                0x08003b7c                TIM1_CC_IRQHandler
                0x08003b7c                TSC_IRQHandler
                0x08003b7c                I2C1_IRQHandler
                0x08003b7c                RCC_CRS_IRQHandler
                0x08003b7c                SPI1_IRQHandler
                0x08003b7c                TIM17_IRQHandler
                0x08003b7c                CEC_CAN_IRQHandler
                0x08003b7c                RTC_IRQHandler
                0x08003b7c                PVD_VDDIO2_IRQHandler
                0x08003b7c                TIM16_IRQHandler
                0x08003b7c                TIM3_IRQHandler
                0x08003b7c                EXTI4_15_IRQHandler
                0x08003b7c                DMA1_Channel1_IRQHandler
                0x08003b7c                Default_Handler
                0x08003b7c                TIM14_IRQHandler
                0x08003b7c                DMA1_Channel4_5_IRQHandler
                0x08003b7c                USB_IRQHandler
                0x08003b7c                SPI2_IRQHandler
                0x08003b7c                WWDG_IRQHandler
                0x08003b7c                TIM2_IRQHandler
                0x08003b7c                DMA1_Channel2_3_IRQHandler
                0x08003b7c                USART2_IRQHandler
                0x08003b7c                FLASH_IRQHandler
                0x08003b7c                USART1_IRQHandler
                0x08003b7c                TIM1_BRK_UP_TRG_COM_IRQHandler
 *(.glue_7)
 .glue_7        0x08003b7e        0x0 linker stubs
 *(.glue_7t)
 .glue_7t       0x08003b7e        0x0 linker stubs
 *(.eh_frame)
 *fill*         0x08003b7e        0x2 
 .eh_frame      0x08003b80        0x0 C:/ST/STM32CubeCLT_1.17.0/GNU-tools-for-STM32/bin/../lib/gcc/arm-none-eabi/12.3.1/thumb/v6-m/nofp/crtbegin.o
 *(.init)
 .init          0x08003b80        0x4 C:/ST/STM32CubeCLT_1.17.0/GNU-tools-for-STM32/bin/../lib/gcc/arm-none-eabi/12.3.1/thumb/v6-m/nofp/crti.o
                0x08003b80                _init
 .init          0x08003b84        0x8 C:/ST/STM32CubeCLT_1.17.0/GNU-tools-for-STM32/bin/../lib/gcc/arm-none-eabi/12.3.1/thumb/v6-m/nofp/crtn.o
 *(.fini)
 .fini          0x08003b8c        0x4 C:/ST/STM32CubeCLT_1.17.0/GNU-tools-for-STM32/bin/../lib/gcc/arm-none-eabi/12.3.1/thumb/v6-m/nofp/crti.o
                0x08003b8c                _fini
 .fini          0x08003b90        0x8 C:/ST/STM32CubeCLT_1.17.0/GNU-tools-for-STM32/bin/../lib/gcc/arm-none-eabi/12.3.1/thumb/v6-m/nofp/crtn.o
                0x08003b98                        . = ALIGN (0x4)
                0x08003b98                        _etext = .

.vfp11_veneer   0x08003b98        0x0
 .vfp11_veneer  0x08003b98        0x0 linker stubs

.v4_bx          0x08003b98        0x0
 .v4_bx         0x08003b98        0x0 linker stubs

.iplt           0x08003b98        0x0
 .iplt          0x08003b98        0x0 C:/ST/STM32CubeCLT_1.17.0/GNU-tools-for-STM32/bin/../lib/gcc/arm-none-eabi/12.3.1/thumb/v6-m/nofp/crtbegin.o

.rodata         0x08003b98      0x100
                0x08003b98                        . = ALIGN (0x4)
 *(.rodata)
 .rodata        0x08003b98       0x49 CMakeFiles/current_sink_sw.dir/Core/Src/main.c.obj
 *(.rodata*)
 *fill*         0x08003be1        0x3 
 .rodata.segmentAddressBit
                0x08003be4       0x84 CMakeFiles/current_sink_sw.dir/Core/Lib/MCP4728/MCP4728_user.c.obj
 .rodata.aPLLMULFactorTable.1
                0x08003c68       0x10 CMakeFiles/current_sink_sw.dir/Drivers/STM32F0xx_HAL_Driver/Src/stm32f0xx_hal_rcc.c.obj
 .rodata.aPredivFactorTable.0
                0x08003c78       0x10 CMakeFiles/current_sink_sw.dir/Drivers/STM32F0xx_HAL_Driver/Src/stm32f0xx_hal_rcc.c.obj
 .rodata.AHBPrescTable
                0x08003c88       0x10 CMakeFiles/current_sink_sw.dir/Core/Src/system_stm32f0xx.c.obj
                0x08003c88                AHBPrescTable
                0x08003c98                        . = ALIGN (0x4)

.rel.dyn        0x08003c98        0x0
 .rel.iplt      0x08003c98        0x0 C:/ST/STM32CubeCLT_1.17.0/GNU-tools-for-STM32/bin/../lib/gcc/arm-none-eabi/12.3.1/thumb/v6-m/nofp/crtbegin.o

.ARM.extab
 *(.ARM.extab* .gnu.linkonce.armextab.*)

.ARM            0x08003c98        0x0
                0x08003c98                        __exidx_start = .
 *(.ARM.exidx*)
                0x08003c98                        __exidx_end = .

.preinit_array  0x08003c98        0x0
                0x08003c98                        PROVIDE (__preinit_array_start = .)
 *(.preinit_array*)
                0x08003c98                        PROVIDE (__preinit_array_end = .)

.init_array     0x08003c98        0x4
                0x08003c98                        PROVIDE (__init_array_start = .)
 *(SORT_BY_NAME(.init_array.*))
 *(.init_array*)
 .init_array    0x08003c98        0x4 C:/ST/STM32CubeCLT_1.17.0/GNU-tools-for-STM32/bin/../lib/gcc/arm-none-eabi/12.3.1/thumb/v6-m/nofp/crtbegin.o
                0x08003c9c                        PROVIDE (__init_array_end = .)

.fini_array     0x08003c9c        0x4
                [!provide]                        PROVIDE (__fini_array_start = .)
 *(SORT_BY_NAME(.fini_array.*))
 *(.fini_array*)
 .fini_array    0x08003c9c        0x4 C:/ST/STM32CubeCLT_1.17.0/GNU-tools-for-STM32/bin/../lib/gcc/arm-none-eabi/12.3.1/thumb/v6-m/nofp/crtbegin.o
                [!provide]                        PROVIDE (__fini_array_end = .)
                0x08003ca0                        _sidata = LOADADDR (.data)

.data           0x20000000        0xc load address 0x08003ca0
                0x20000000                        . = ALIGN (0x4)
                0x20000000                        _sdata = .
 *(.data)
 *(.data*)
 .data.uwTickPrio
                0x20000000        0x4 CMakeFiles/current_sink_sw.dir/Drivers/STM32F0xx_HAL_Driver/Src/stm32f0xx_hal.c.obj
                0x20000000                uwTickPrio
 .data.uwTickFreq
                0x20000004        0x1 CMakeFiles/current_sink_sw.dir/Drivers/STM32F0xx_HAL_Driver/Src/stm32f0xx_hal.c.obj
                0x20000004                uwTickFreq
 *fill*         0x20000005        0x3 
 .data.SystemCoreClock
                0x20000008        0x4 CMakeFiles/current_sink_sw.dir/Core/Src/system_stm32f0xx.c.obj
                0x20000008                SystemCoreClock
                0x2000000c                        . = ALIGN (0x4)
                0x2000000c                        _edata = .

.igot.plt       0x2000000c        0x0 load address 0x08003cac
 .igot.plt      0x2000000c        0x0 C:/ST/STM32CubeCLT_1.17.0/GNU-tools-for-STM32/bin/../lib/gcc/arm-none-eabi/12.3.1/thumb/v6-m/nofp/crtbegin.o
                0x2000000c                        . = ALIGN (0x4)

.bss            0x2000000c      0x218 load address 0x08003cac
                0x2000000c                        _sbss = .
                0x2000000c                        __bss_start__ = _sbss
 *(.bss)
 .bss           0x2000000c       0x1c C:/ST/STM32CubeCLT_1.17.0/GNU-tools-for-STM32/bin/../lib/gcc/arm-none-eabi/12.3.1/thumb/v6-m/nofp/crtbegin.o
 *(.bss*)
 .bss.mcpTransmit
                0x20000028        0x4 CMakeFiles/current_sink_sw.dir/Core/Lib/MCP4728/MCP4728.c.obj
                0x20000028                mcpTransmit
 .bss.mcpReceive
                0x2000002c        0x4 CMakeFiles/current_sink_sw.dir/Core/Lib/MCP4728/MCP4728.c.obj
                0x2000002c                mcpReceive
 .bss.mcp_buffer
                0x20000030       0x41 CMakeFiles/current_sink_sw.dir/Core/Lib/MCP4728/MCP4728.c.obj
                0x20000030                mcp_buffer
 *fill*         0x20000071        0x3 
 .bss.memory_map
                0x20000074       0x12 CMakeFiles/current_sink_sw.dir/Core/Lib/MCP4728/MCP4728.c.obj
 *fill*         0x20000086        0x2 
 .bss.alphabet  0x20000088      0x100 CMakeFiles/current_sink_sw.dir/Core/Lib/segment_lib/segment_lib.c.obj
                0x20000088                alphabet
 .bss.encoder_trig
                0x20000188        0x1 CMakeFiles/current_sink_sw.dir/Core/Src/main.c.obj
                0x20000188                encoder_trig
 *fill*         0x20000189        0x3 
 .bss.hadc      0x2000018c       0x40 CMakeFiles/current_sink_sw.dir/Core/Src/adc.c.obj
                0x2000018c                hadc
 .bss.hi2c1     0x200001cc       0x54 CMakeFiles/current_sink_sw.dir/Core/Src/i2c.c.obj
                0x200001cc                hi2c1
 .bss.uwTick    0x20000220        0x4 CMakeFiles/current_sink_sw.dir/Drivers/STM32F0xx_HAL_Driver/Src/stm32f0xx_hal.c.obj
                0x20000220                uwTick
 *(COMMON)
                0x20000224                        . = ALIGN (0x4)
                0x20000224                        _ebss = .
                0x20000224                        __bss_end__ = _ebss

._user_heap_stack
                0x20000224      0x604 load address 0x08003cac
                0x20000228                        . = ALIGN (0x8)
 *fill*         0x20000224        0x4 
                [!provide]                        PROVIDE (end = .)
                0x20000228                        PROVIDE (_end = .)
                0x20000428                        . = (. + _Min_Heap_Size)
 *fill*         0x20000228      0x200 
                0x20000828                        . = (. + _Min_Stack_Size)
 *fill*         0x20000428      0x400 
                0x20000828                        . = ALIGN (0x8)

/DISCARD/
 libc.a(*)
 libm.a(*)
 libgcc.a(*)
OUTPUT(current_sink_sw.elf elf32-littlearm)
LOAD linker stubs
LOAD C:/ST/STM32CubeCLT_1.17.0/GNU-tools-for-STM32/bin/../lib/gcc/arm-none-eabi/12.3.1/../../../../arm-none-eabi/lib/thumb/v6-m/nofp\libc.a
LOAD C:/ST/STM32CubeCLT_1.17.0/GNU-tools-for-STM32/bin/../lib/gcc/arm-none-eabi/12.3.1/../../../../arm-none-eabi/lib/thumb/v6-m/nofp\libm.a
LOAD C:/ST/STM32CubeCLT_1.17.0/GNU-tools-for-STM32/bin/../lib/gcc/arm-none-eabi/12.3.1/thumb/v6-m/nofp\libgcc.a

.ARM.attributes
                0x00000000       0x28
 .ARM.attributes
                0x00000000       0x1e C:/ST/STM32CubeCLT_1.17.0/GNU-tools-for-STM32/bin/../lib/gcc/arm-none-eabi/12.3.1/thumb/v6-m/nofp/crti.o
 .ARM.attributes
                0x0000001e       0x2c C:/ST/STM32CubeCLT_1.17.0/GNU-tools-for-STM32/bin/../lib/gcc/arm-none-eabi/12.3.1/thumb/v6-m/nofp/crtbegin.o
 .ARM.attributes
                0x0000004a       0x2c C:/ST/STM32CubeCLT_1.17.0/GNU-tools-for-STM32/bin/../lib/gcc/arm-none-eabi/12.3.1/../../../../arm-none-eabi/lib/thumb/v6-m/nofp\libc_nano.a(libc_a-memset.o)
 .ARM.attributes
                0x00000076       0x2c C:/ST/STM32CubeCLT_1.17.0/GNU-tools-for-STM32/bin/../lib/gcc/arm-none-eabi/12.3.1/../../../../arm-none-eabi/lib/thumb/v6-m/nofp\libc_nano.a(libc_a-init.o)
 .ARM.attributes
                0x000000a2       0x2c CMakeFiles/current_sink_sw.dir/Core/Lib/MCP4728/MCP4728.c.obj
 .ARM.attributes
                0x000000ce       0x2c CMakeFiles/current_sink_sw.dir/Core/Lib/MCP4728/MCP4728_user.c.obj
 .ARM.attributes
                0x000000fa       0x2c CMakeFiles/current_sink_sw.dir/Core/Lib/segment_lib/segment_lib.c.obj
 .ARM.attributes
                0x00000126       0x2c CMakeFiles/current_sink_sw.dir/Core/Src/utility.c.obj
 .ARM.attributes
                0x00000152       0x2c CMakeFiles/current_sink_sw.dir/Core/Src/main.c.obj
 .ARM.attributes
                0x0000017e       0x2c CMakeFiles/current_sink_sw.dir/Core/Src/gpio.c.obj
 .ARM.attributes
                0x000001aa       0x2c CMakeFiles/current_sink_sw.dir/Core/Src/adc.c.obj
 .ARM.attributes
                0x000001d6       0x2c CMakeFiles/current_sink_sw.dir/Core/Src/i2c.c.obj
 .ARM.attributes
                0x00000202       0x2c CMakeFiles/current_sink_sw.dir/Core/Src/stm32f0xx_it.c.obj
 .ARM.attributes
                0x0000022e       0x2c CMakeFiles/current_sink_sw.dir/Core/Src/stm32f0xx_hal_msp.c.obj
 .ARM.attributes
                0x0000025a       0x2c CMakeFiles/current_sink_sw.dir/Drivers/STM32F0xx_HAL_Driver/Src/stm32f0xx_hal_adc.c.obj
 .ARM.attributes
                0x00000286       0x2c CMakeFiles/current_sink_sw.dir/Drivers/STM32F0xx_HAL_Driver/Src/stm32f0xx_hal_rcc.c.obj
 .ARM.attributes
                0x000002b2       0x2c CMakeFiles/current_sink_sw.dir/Drivers/STM32F0xx_HAL_Driver/Src/stm32f0xx_hal_rcc_ex.c.obj
 .ARM.attributes
                0x000002de       0x2c CMakeFiles/current_sink_sw.dir/Drivers/STM32F0xx_HAL_Driver/Src/stm32f0xx_hal.c.obj
 .ARM.attributes
                0x0000030a       0x2c CMakeFiles/current_sink_sw.dir/Drivers/STM32F0xx_HAL_Driver/Src/stm32f0xx_hal_i2c.c.obj
 .ARM.attributes
                0x00000336       0x2c CMakeFiles/current_sink_sw.dir/Drivers/STM32F0xx_HAL_Driver/Src/stm32f0xx_hal_i2c_ex.c.obj
 .ARM.attributes
                0x00000362       0x2c CMakeFiles/current_sink_sw.dir/Drivers/STM32F0xx_HAL_Driver/Src/stm32f0xx_hal_gpio.c.obj
 .ARM.attributes
                0x0000038e       0x2c CMakeFiles/current_sink_sw.dir/Drivers/STM32F0xx_HAL_Driver/Src/stm32f0xx_hal_cortex.c.obj
 .ARM.attributes
                0x000003ba       0x2c CMakeFiles/current_sink_sw.dir/Core/Src/system_stm32f0xx.c.obj
 .ARM.attributes
                0x000003e6       0x21 CMakeFiles/current_sink_sw.dir/startup_stm32f042x6.s.obj
 .ARM.attributes
                0x00000407       0x1e C:/ST/STM32CubeCLT_1.17.0/GNU-tools-for-STM32/bin/../lib/gcc/arm-none-eabi/12.3.1/thumb/v6-m/nofp\libgcc.a(_udivsi3.o)
 .ARM.attributes
                0x00000425       0x1e C:/ST/STM32CubeCLT_1.17.0/GNU-tools-for-STM32/bin/../lib/gcc/arm-none-eabi/12.3.1/thumb/v6-m/nofp\libgcc.a(_dvmd_tls.o)
 .ARM.attributes
                0x00000443       0x1e C:/ST/STM32CubeCLT_1.17.0/GNU-tools-for-STM32/bin/../lib/gcc/arm-none-eabi/12.3.1/thumb/v6-m/nofp/crtn.o

.comment        0x00000000       0x43
 .comment       0x00000000       0x43 CMakeFiles/current_sink_sw.dir/Core/Lib/MCP4728/MCP4728.c.obj
                                 0x44 (size before relaxing)
 .comment       0x00000043       0x44 CMakeFiles/current_sink_sw.dir/Core/Lib/MCP4728/MCP4728_user.c.obj
 .comment       0x00000043       0x44 CMakeFiles/current_sink_sw.dir/Core/Lib/segment_lib/segment_lib.c.obj
 .comment       0x00000043       0x44 CMakeFiles/current_sink_sw.dir/Core/Src/utility.c.obj
 .comment       0x00000043       0x44 CMakeFiles/current_sink_sw.dir/Core/Src/main.c.obj
 .comment       0x00000043       0x44 CMakeFiles/current_sink_sw.dir/Core/Src/gpio.c.obj
 .comment       0x00000043       0x44 CMakeFiles/current_sink_sw.dir/Core/Src/adc.c.obj
 .comment       0x00000043       0x44 CMakeFiles/current_sink_sw.dir/Core/Src/i2c.c.obj
 .comment       0x00000043       0x44 CMakeFiles/current_sink_sw.dir/Core/Src/stm32f0xx_it.c.obj
 .comment       0x00000043       0x44 CMakeFiles/current_sink_sw.dir/Core/Src/stm32f0xx_hal_msp.c.obj
 .comment       0x00000043       0x44 CMakeFiles/current_sink_sw.dir/Drivers/STM32F0xx_HAL_Driver/Src/stm32f0xx_hal_adc.c.obj
 .comment       0x00000043       0x44 CMakeFiles/current_sink_sw.dir/Drivers/STM32F0xx_HAL_Driver/Src/stm32f0xx_hal_rcc.c.obj
 .comment       0x00000043       0x44 CMakeFiles/current_sink_sw.dir/Drivers/STM32F0xx_HAL_Driver/Src/stm32f0xx_hal_rcc_ex.c.obj
 .comment       0x00000043       0x44 CMakeFiles/current_sink_sw.dir/Drivers/STM32F0xx_HAL_Driver/Src/stm32f0xx_hal.c.obj
 .comment       0x00000043       0x44 CMakeFiles/current_sink_sw.dir/Drivers/STM32F0xx_HAL_Driver/Src/stm32f0xx_hal_i2c.c.obj
 .comment       0x00000043       0x44 CMakeFiles/current_sink_sw.dir/Drivers/STM32F0xx_HAL_Driver/Src/stm32f0xx_hal_i2c_ex.c.obj
 .comment       0x00000043       0x44 CMakeFiles/current_sink_sw.dir/Drivers/STM32F0xx_HAL_Driver/Src/stm32f0xx_hal_gpio.c.obj
 .comment       0x00000043       0x44 CMakeFiles/current_sink_sw.dir/Drivers/STM32F0xx_HAL_Driver/Src/stm32f0xx_hal_cortex.c.obj
 .comment       0x00000043       0x44 CMakeFiles/current_sink_sw.dir/Core/Src/system_stm32f0xx.c.obj

.debug_frame    0x00000000     0x1f48
 .debug_frame   0x00000000       0x20 C:/ST/STM32CubeCLT_1.17.0/GNU-tools-for-STM32/bin/../lib/gcc/arm-none-eabi/12.3.1/../../../../arm-none-eabi/lib/thumb/v6-m/nofp\libc_nano.a(libc_a-memset.o)
 .debug_frame   0x00000020       0x2c C:/ST/STM32CubeCLT_1.17.0/GNU-tools-for-STM32/bin/../lib/gcc/arm-none-eabi/12.3.1/../../../../arm-none-eabi/lib/thumb/v6-m/nofp\libc_nano.a(libc_a-init.o)
 .debug_frame   0x0000004c      0x27c CMakeFiles/current_sink_sw.dir/Core/Lib/MCP4728/MCP4728.c.obj
 .debug_frame   0x000002c8       0x30 CMakeFiles/current_sink_sw.dir/Core/Lib/MCP4728/MCP4728_user.c.obj
 .debug_frame   0x000002f8       0x2c CMakeFiles/current_sink_sw.dir/Core/Lib/segment_lib/segment_lib.c.obj
 .debug_frame   0x00000324       0xbc CMakeFiles/current_sink_sw.dir/Core/Src/utility.c.obj
 .debug_frame   0x000003e0       0x8c CMakeFiles/current_sink_sw.dir/Core/Src/main.c.obj
 .debug_frame   0x0000046c       0x30 CMakeFiles/current_sink_sw.dir/Core/Src/gpio.c.obj
 .debug_frame   0x0000049c       0x70 CMakeFiles/current_sink_sw.dir/Core/Src/adc.c.obj
 .debug_frame   0x0000050c       0x6c CMakeFiles/current_sink_sw.dir/Core/Src/i2c.c.obj
 .debug_frame   0x00000578       0xf0 CMakeFiles/current_sink_sw.dir/Core/Src/stm32f0xx_it.c.obj
 .debug_frame   0x00000668       0x30 CMakeFiles/current_sink_sw.dir/Core/Src/stm32f0xx_hal_msp.c.obj
 .debug_frame   0x00000698      0x3a0 CMakeFiles/current_sink_sw.dir/Drivers/STM32F0xx_HAL_Driver/Src/stm32f0xx_hal_adc.c.obj
 .debug_frame   0x00000a38      0x198 CMakeFiles/current_sink_sw.dir/Drivers/STM32F0xx_HAL_Driver/Src/stm32f0xx_hal_rcc.c.obj
 .debug_frame   0x00000bd0      0x180 CMakeFiles/current_sink_sw.dir/Drivers/STM32F0xx_HAL_Driver/Src/stm32f0xx_hal_rcc_ex.c.obj
 .debug_frame   0x00000d50      0x2a4 CMakeFiles/current_sink_sw.dir/Drivers/STM32F0xx_HAL_Driver/Src/stm32f0xx_hal.c.obj
 .debug_frame   0x00000ff4      0xa68 CMakeFiles/current_sink_sw.dir/Drivers/STM32F0xx_HAL_Driver/Src/stm32f0xx_hal_i2c.c.obj
 .debug_frame   0x00001a5c       0xd0 CMakeFiles/current_sink_sw.dir/Drivers/STM32F0xx_HAL_Driver/Src/stm32f0xx_hal_i2c_ex.c.obj
 .debug_frame   0x00001b2c      0x110 CMakeFiles/current_sink_sw.dir/Drivers/STM32F0xx_HAL_Driver/Src/stm32f0xx_hal_gpio.c.obj
 .debug_frame   0x00001c3c      0x2a0 CMakeFiles/current_sink_sw.dir/Drivers/STM32F0xx_HAL_Driver/Src/stm32f0xx_hal_cortex.c.obj
 .debug_frame   0x00001edc       0x4c CMakeFiles/current_sink_sw.dir/Core/Src/system_stm32f0xx.c.obj
 .debug_frame   0x00001f28       0x20 C:/ST/STM32CubeCLT_1.17.0/GNU-tools-for-STM32/bin/../lib/gcc/arm-none-eabi/12.3.1/thumb/v6-m/nofp\libgcc.a(_udivsi3.o)

.debug_info     0x00000000     0x9099
 .debug_info    0x00000000      0x9ec CMakeFiles/current_sink_sw.dir/Core/Lib/MCP4728/MCP4728.c.obj
 .debug_info    0x000009ec       0xd2 CMakeFiles/current_sink_sw.dir/Core/Lib/MCP4728/MCP4728_user.c.obj
 .debug_info    0x00000abe      0x1c1 CMakeFiles/current_sink_sw.dir/Core/Lib/segment_lib/segment_lib.c.obj
 .debug_info    0x00000c7f      0x8ec CMakeFiles/current_sink_sw.dir/Core/Src/utility.c.obj
 .debug_info    0x0000156b      0x4ac CMakeFiles/current_sink_sw.dir/Core/Src/main.c.obj
 .debug_info    0x00001a17      0x42c CMakeFiles/current_sink_sw.dir/Core/Src/gpio.c.obj
 .debug_info    0x00001e43      0x958 CMakeFiles/current_sink_sw.dir/Core/Src/adc.c.obj
 .debug_info    0x0000279b      0x8dc CMakeFiles/current_sink_sw.dir/Core/Src/i2c.c.obj
 .debug_info    0x00003077      0x59b CMakeFiles/current_sink_sw.dir/Core/Src/stm32f0xx_it.c.obj
 .debug_info    0x00003612      0x199 CMakeFiles/current_sink_sw.dir/Core/Src/stm32f0xx_hal_msp.c.obj
 .debug_info    0x000037ab      0xc6a CMakeFiles/current_sink_sw.dir/Drivers/STM32F0xx_HAL_Driver/Src/stm32f0xx_hal_adc.c.obj
 .debug_info    0x00004415      0x83f CMakeFiles/current_sink_sw.dir/Drivers/STM32F0xx_HAL_Driver/Src/stm32f0xx_hal_rcc.c.obj
 .debug_info    0x00004c54      0x600 CMakeFiles/current_sink_sw.dir/Drivers/STM32F0xx_HAL_Driver/Src/stm32f0xx_hal_rcc_ex.c.obj
 .debug_info    0x00005254      0x69d CMakeFiles/current_sink_sw.dir/Drivers/STM32F0xx_HAL_Driver/Src/stm32f0xx_hal.c.obj
 .debug_info    0x000058f1     0x20c5 CMakeFiles/current_sink_sw.dir/Drivers/STM32F0xx_HAL_Driver/Src/stm32f0xx_hal_i2c.c.obj
 .debug_info    0x000079b6      0x824 CMakeFiles/current_sink_sw.dir/Drivers/STM32F0xx_HAL_Driver/Src/stm32f0xx_hal_i2c_ex.c.obj
 .debug_info    0x000081da      0x5a6 CMakeFiles/current_sink_sw.dir/Drivers/STM32F0xx_HAL_Driver/Src/stm32f0xx_hal_gpio.c.obj
 .debug_info    0x00008780      0x6a7 CMakeFiles/current_sink_sw.dir/Drivers/STM32F0xx_HAL_Driver/Src/stm32f0xx_hal_cortex.c.obj
 .debug_info    0x00008e27      0x242 CMakeFiles/current_sink_sw.dir/Core/Src/system_stm32f0xx.c.obj
 .debug_info    0x00009069       0x30 CMakeFiles/current_sink_sw.dir/startup_stm32f042x6.s.obj

.debug_abbrev   0x00000000     0x22b1
 .debug_abbrev  0x00000000      0x2a7 CMakeFiles/current_sink_sw.dir/Core/Lib/MCP4728/MCP4728.c.obj
 .debug_abbrev  0x000002a7       0x69 CMakeFiles/current_sink_sw.dir/Core/Lib/MCP4728/MCP4728_user.c.obj
 .debug_abbrev  0x00000310       0xd1 CMakeFiles/current_sink_sw.dir/Core/Lib/segment_lib/segment_lib.c.obj
 .debug_abbrev  0x000003e1      0x1fc CMakeFiles/current_sink_sw.dir/Core/Src/utility.c.obj
 .debug_abbrev  0x000005dd      0x21f CMakeFiles/current_sink_sw.dir/Core/Src/main.c.obj
 .debug_abbrev  0x000007fc      0x174 CMakeFiles/current_sink_sw.dir/Core/Src/gpio.c.obj
 .debug_abbrev  0x00000970      0x211 CMakeFiles/current_sink_sw.dir/Core/Src/adc.c.obj
 .debug_abbrev  0x00000b81      0x215 CMakeFiles/current_sink_sw.dir/Core/Src/i2c.c.obj
 .debug_abbrev  0x00000d96      0x194 CMakeFiles/current_sink_sw.dir/Core/Src/stm32f0xx_it.c.obj
 .debug_abbrev  0x00000f2a       0xc6 CMakeFiles/current_sink_sw.dir/Core/Src/stm32f0xx_hal_msp.c.obj
 .debug_abbrev  0x00000ff0      0x259 CMakeFiles/current_sink_sw.dir/Drivers/STM32F0xx_HAL_Driver/Src/stm32f0xx_hal_adc.c.obj
 .debug_abbrev  0x00001249      0x28c CMakeFiles/current_sink_sw.dir/Drivers/STM32F0xx_HAL_Driver/Src/stm32f0xx_hal_rcc.c.obj
 .debug_abbrev  0x000014d5      0x1da CMakeFiles/current_sink_sw.dir/Drivers/STM32F0xx_HAL_Driver/Src/stm32f0xx_hal_rcc_ex.c.obj
 .debug_abbrev  0x000016af      0x247 CMakeFiles/current_sink_sw.dir/Drivers/STM32F0xx_HAL_Driver/Src/stm32f0xx_hal.c.obj
 .debug_abbrev  0x000018f6      0x261 CMakeFiles/current_sink_sw.dir/Drivers/STM32F0xx_HAL_Driver/Src/stm32f0xx_hal_i2c.c.obj
 .debug_abbrev  0x00001b57      0x1c3 CMakeFiles/current_sink_sw.dir/Drivers/STM32F0xx_HAL_Driver/Src/stm32f0xx_hal_i2c_ex.c.obj
 .debug_abbrev  0x00001d1a      0x1cb CMakeFiles/current_sink_sw.dir/Drivers/STM32F0xx_HAL_Driver/Src/stm32f0xx_hal_gpio.c.obj
 .debug_abbrev  0x00001ee5      0x28c CMakeFiles/current_sink_sw.dir/Drivers/STM32F0xx_HAL_Driver/Src/stm32f0xx_hal_cortex.c.obj
 .debug_abbrev  0x00002171      0x11c CMakeFiles/current_sink_sw.dir/Core/Src/system_stm32f0xx.c.obj
 .debug_abbrev  0x0000228d       0x24 CMakeFiles/current_sink_sw.dir/startup_stm32f042x6.s.obj

.debug_aranges  0x00000000      0x970
 .debug_aranges
                0x00000000       0xb0 CMakeFiles/current_sink_sw.dir/Core/Lib/MCP4728/MCP4728.c.obj
 .debug_aranges
                0x000000b0       0x20 CMakeFiles/current_sink_sw.dir/Core/Lib/MCP4728/MCP4728_user.c.obj
 .debug_aranges
                0x000000d0       0x20 CMakeFiles/current_sink_sw.dir/Core/Lib/segment_lib/segment_lib.c.obj
 .debug_aranges
                0x000000f0       0x40 CMakeFiles/current_sink_sw.dir/Core/Src/utility.c.obj
 .debug_aranges
                0x00000130       0x38 CMakeFiles/current_sink_sw.dir/Core/Src/main.c.obj
 .debug_aranges
                0x00000168       0x20 CMakeFiles/current_sink_sw.dir/Core/Src/gpio.c.obj
 .debug_aranges
                0x00000188       0x30 CMakeFiles/current_sink_sw.dir/Core/Src/adc.c.obj
 .debug_aranges
                0x000001b8       0x30 CMakeFiles/current_sink_sw.dir/Core/Src/i2c.c.obj
 .debug_aranges
                0x000001e8       0x58 CMakeFiles/current_sink_sw.dir/Core/Src/stm32f0xx_it.c.obj
 .debug_aranges
                0x00000240       0x20 CMakeFiles/current_sink_sw.dir/Core/Src/stm32f0xx_hal_msp.c.obj
 .debug_aranges
                0x00000260       0xf8 CMakeFiles/current_sink_sw.dir/Drivers/STM32F0xx_HAL_Driver/Src/stm32f0xx_hal_adc.c.obj
 .debug_aranges
                0x00000358       0x80 CMakeFiles/current_sink_sw.dir/Drivers/STM32F0xx_HAL_Driver/Src/stm32f0xx_hal_rcc.c.obj
 .debug_aranges
                0x000003d8       0x78 CMakeFiles/current_sink_sw.dir/Drivers/STM32F0xx_HAL_Driver/Src/stm32f0xx_hal_rcc_ex.c.obj
 .debug_aranges
                0x00000450       0xd0 CMakeFiles/current_sink_sw.dir/Drivers/STM32F0xx_HAL_Driver/Src/stm32f0xx_hal.c.obj
 .debug_aranges
                0x00000520      0x2a0 CMakeFiles/current_sink_sw.dir/Drivers/STM32F0xx_HAL_Driver/Src/stm32f0xx_hal_i2c.c.obj
 .debug_aranges
                0x000007c0       0x48 CMakeFiles/current_sink_sw.dir/Drivers/STM32F0xx_HAL_Driver/Src/stm32f0xx_hal_i2c_ex.c.obj
 .debug_aranges
                0x00000808       0x58 CMakeFiles/current_sink_sw.dir/Drivers/STM32F0xx_HAL_Driver/Src/stm32f0xx_hal_gpio.c.obj
 .debug_aranges
                0x00000860       0xc0 CMakeFiles/current_sink_sw.dir/Drivers/STM32F0xx_HAL_Driver/Src/stm32f0xx_hal_cortex.c.obj
 .debug_aranges
                0x00000920       0x28 CMakeFiles/current_sink_sw.dir/Core/Src/system_stm32f0xx.c.obj
 .debug_aranges
                0x00000948       0x28 CMakeFiles/current_sink_sw.dir/startup_stm32f042x6.s.obj

.debug_rnglists
                0x00000000      0x71a
 .debug_rnglists
                0x00000000       0x84 CMakeFiles/current_sink_sw.dir/Core/Lib/MCP4728/MCP4728.c.obj
 .debug_rnglists
                0x00000084       0x14 CMakeFiles/current_sink_sw.dir/Core/Lib/MCP4728/MCP4728_user.c.obj
 .debug_rnglists
                0x00000098       0x14 CMakeFiles/current_sink_sw.dir/Core/Lib/segment_lib/segment_lib.c.obj
 .debug_rnglists
                0x000000ac       0x2c CMakeFiles/current_sink_sw.dir/Core/Src/utility.c.obj
 .debug_rnglists
                0x000000d8       0x27 CMakeFiles/current_sink_sw.dir/Core/Src/main.c.obj
 .debug_rnglists
                0x000000ff       0x14 CMakeFiles/current_sink_sw.dir/Core/Src/gpio.c.obj
 .debug_rnglists
                0x00000113       0x21 CMakeFiles/current_sink_sw.dir/Core/Src/adc.c.obj
 .debug_rnglists
                0x00000134       0x21 CMakeFiles/current_sink_sw.dir/Core/Src/i2c.c.obj
 .debug_rnglists
                0x00000155       0x3d CMakeFiles/current_sink_sw.dir/Core/Src/stm32f0xx_it.c.obj
 .debug_rnglists
                0x00000192       0x13 CMakeFiles/current_sink_sw.dir/Core/Src/stm32f0xx_hal_msp.c.obj
 .debug_rnglists
                0x000001a5       0xc6 CMakeFiles/current_sink_sw.dir/Drivers/STM32F0xx_HAL_Driver/Src/stm32f0xx_hal_adc.c.obj
 .debug_rnglists
                0x0000026b       0x61 CMakeFiles/current_sink_sw.dir/Drivers/STM32F0xx_HAL_Driver/Src/stm32f0xx_hal_rcc.c.obj
 .debug_rnglists
                0x000002cc       0x5a CMakeFiles/current_sink_sw.dir/Drivers/STM32F0xx_HAL_Driver/Src/stm32f0xx_hal_rcc_ex.c.obj
 .debug_rnglists
                0x00000326       0x97 CMakeFiles/current_sink_sw.dir/Drivers/STM32F0xx_HAL_Driver/Src/stm32f0xx_hal.c.obj
 .debug_rnglists
                0x000003bd      0x229 CMakeFiles/current_sink_sw.dir/Drivers/STM32F0xx_HAL_Driver/Src/stm32f0xx_hal_i2c.c.obj
 .debug_rnglists
                0x000005e6       0x35 CMakeFiles/current_sink_sw.dir/Drivers/STM32F0xx_HAL_Driver/Src/stm32f0xx_hal_i2c_ex.c.obj
 .debug_rnglists
                0x0000061b       0x3f CMakeFiles/current_sink_sw.dir/Drivers/STM32F0xx_HAL_Driver/Src/stm32f0xx_hal_gpio.c.obj
 .debug_rnglists
                0x0000065a       0x8c CMakeFiles/current_sink_sw.dir/Drivers/STM32F0xx_HAL_Driver/Src/stm32f0xx_hal_cortex.c.obj
 .debug_rnglists
                0x000006e6       0x1a CMakeFiles/current_sink_sw.dir/Core/Src/system_stm32f0xx.c.obj
 .debug_rnglists
                0x00000700       0x1a CMakeFiles/current_sink_sw.dir/startup_stm32f042x6.s.obj

.debug_macro    0x00000000    0x18979
 .debug_macro   0x00000000       0xd0 CMakeFiles/current_sink_sw.dir/Core/Lib/MCP4728/MCP4728.c.obj
 .debug_macro   0x000000d0      0xa8a CMakeFiles/current_sink_sw.dir/Core/Lib/MCP4728/MCP4728.c.obj
 .debug_macro   0x00000b5a       0x22 CMakeFiles/current_sink_sw.dir/Core/Lib/MCP4728/MCP4728.c.obj
 .debug_macro   0x00000b7c       0x6e CMakeFiles/current_sink_sw.dir/Core/Lib/MCP4728/MCP4728.c.obj
 .debug_macro   0x00000bea       0x24 CMakeFiles/current_sink_sw.dir/Core/Lib/MCP4728/MCP4728.c.obj
 .debug_macro   0x00000c0e       0x94 CMakeFiles/current_sink_sw.dir/Core/Lib/MCP4728/MCP4728.c.obj
 .debug_macro   0x00000ca2       0x3c CMakeFiles/current_sink_sw.dir/Core/Lib/MCP4728/MCP4728.c.obj
 .debug_macro   0x00000cde      0x103 CMakeFiles/current_sink_sw.dir/Core/Lib/MCP4728/MCP4728.c.obj
 .debug_macro   0x00000de1       0x3a CMakeFiles/current_sink_sw.dir/Core/Lib/MCP4728/MCP4728.c.obj
 .debug_macro   0x00000e1b       0x57 CMakeFiles/current_sink_sw.dir/Core/Lib/MCP4728/MCP4728.c.obj
 .debug_macro   0x00000e72       0x6a CMakeFiles/current_sink_sw.dir/Core/Lib/MCP4728/MCP4728.c.obj
 .debug_macro   0x00000edc      0x1df CMakeFiles/current_sink_sw.dir/Core/Lib/MCP4728/MCP4728.c.obj
 .debug_macro   0x000010bb       0x89 CMakeFiles/current_sink_sw.dir/Core/Lib/MCP4728/MCP4728.c.obj
 .debug_macro   0x00001144      0x4cc CMakeFiles/current_sink_sw.dir/Core/Lib/MCP4728/MCP4728.c.obj
 .debug_macro   0x00001610       0xb6 CMakeFiles/current_sink_sw.dir/Core/Lib/MCP4728/MCP4728.c.obj
 .debug_macro   0x000016c6       0x82 CMakeFiles/current_sink_sw.dir/Core/Lib/MCP4728/MCP4728.c.obj
 .debug_macro   0x00001748       0x28 CMakeFiles/current_sink_sw.dir/Core/Lib/MCP4728/MCP4728.c.obj
 .debug_macro   0x00001770       0xd0 CMakeFiles/current_sink_sw.dir/Core/Lib/MCP4728/MCP4728_user.c.obj
 .debug_macro   0x00001840       0xbe CMakeFiles/current_sink_sw.dir/Core/Lib/segment_lib/segment_lib.c.obj
 .debug_macro   0x000018fe       0x7c CMakeFiles/current_sink_sw.dir/Core/Lib/segment_lib/segment_lib.c.obj
 .debug_macro   0x0000197a      0x244 CMakeFiles/current_sink_sw.dir/Core/Src/utility.c.obj
 .debug_macro   0x00001bbe      0x12d CMakeFiles/current_sink_sw.dir/Core/Src/utility.c.obj
 .debug_macro   0x00001ceb       0x2e CMakeFiles/current_sink_sw.dir/Core/Src/utility.c.obj
 .debug_macro   0x00001d19       0x22 CMakeFiles/current_sink_sw.dir/Core/Src/utility.c.obj
 .debug_macro   0x00001d3b       0x8e CMakeFiles/current_sink_sw.dir/Core/Src/utility.c.obj
 .debug_macro   0x00001dc9       0x51 CMakeFiles/current_sink_sw.dir/Core/Src/utility.c.obj
 .debug_macro   0x00001e1a       0x1c CMakeFiles/current_sink_sw.dir/Core/Src/utility.c.obj
 .debug_macro   0x00001e36       0x22 CMakeFiles/current_sink_sw.dir/Core/Src/utility.c.obj
 .debug_macro   0x00001e58       0xaf CMakeFiles/current_sink_sw.dir/Core/Src/utility.c.obj
 .debug_macro   0x00001f07      0x391 CMakeFiles/current_sink_sw.dir/Core/Src/utility.c.obj
 .debug_macro   0x00002298     0xf209 CMakeFiles/current_sink_sw.dir/Core/Src/utility.c.obj
 .debug_macro   0x000114a1       0x66 CMakeFiles/current_sink_sw.dir/Core/Src/utility.c.obj
 .debug_macro   0x00011507     0x34da CMakeFiles/current_sink_sw.dir/Core/Src/utility.c.obj
 .debug_macro   0x000149e1      0x189 CMakeFiles/current_sink_sw.dir/Core/Src/utility.c.obj
 .debug_macro   0x00014b6a       0x55 CMakeFiles/current_sink_sw.dir/Core/Src/utility.c.obj
 .debug_macro   0x00014bbf      0x946 CMakeFiles/current_sink_sw.dir/Core/Src/utility.c.obj
 .debug_macro   0x00015505      0x46b CMakeFiles/current_sink_sw.dir/Core/Src/utility.c.obj
 .debug_macro   0x00015970      0x1ae CMakeFiles/current_sink_sw.dir/Core/Src/utility.c.obj
 .debug_macro   0x00015b1e      0x130 CMakeFiles/current_sink_sw.dir/Core/Src/utility.c.obj
 .debug_macro   0x00015c4e      0x199 CMakeFiles/current_sink_sw.dir/Core/Src/utility.c.obj
 .debug_macro   0x00015de7      0x1ed CMakeFiles/current_sink_sw.dir/Core/Src/utility.c.obj
 .debug_macro   0x00015fd4       0x34 CMakeFiles/current_sink_sw.dir/Core/Src/utility.c.obj
 .debug_macro   0x00016008       0x43 CMakeFiles/current_sink_sw.dir/Core/Src/utility.c.obj
 .debug_macro   0x0001604b       0x28 CMakeFiles/current_sink_sw.dir/Core/Src/utility.c.obj
 .debug_macro   0x00016073      0x33d CMakeFiles/current_sink_sw.dir/Core/Src/utility.c.obj
 .debug_macro   0x000163b0       0xce CMakeFiles/current_sink_sw.dir/Core/Src/utility.c.obj
 .debug_macro   0x0001647e       0xb0 CMakeFiles/current_sink_sw.dir/Core/Src/utility.c.obj
 .debug_macro   0x0001652e      0x182 CMakeFiles/current_sink_sw.dir/Core/Src/utility.c.obj
 .debug_macro   0x000166b0      0x22c CMakeFiles/current_sink_sw.dir/Core/Src/utility.c.obj
 .debug_macro   0x000168dc       0x61 CMakeFiles/current_sink_sw.dir/Core/Src/utility.c.obj
 .debug_macro   0x0001693d       0xa5 CMakeFiles/current_sink_sw.dir/Core/Src/utility.c.obj
 .debug_macro   0x000169e2       0x4c CMakeFiles/current_sink_sw.dir/Core/Src/utility.c.obj
 .debug_macro   0x00016a2e      0x15b CMakeFiles/current_sink_sw.dir/Core/Src/utility.c.obj
 .debug_macro   0x00016b89      0x12e CMakeFiles/current_sink_sw.dir/Core/Src/utility.c.obj
 .debug_macro   0x00016cb7       0x64 CMakeFiles/current_sink_sw.dir/Core/Src/utility.c.obj
 .debug_macro   0x00016d1b       0x74 CMakeFiles/current_sink_sw.dir/Core/Src/utility.c.obj
 .debug_macro   0x00016d8f       0x35 CMakeFiles/current_sink_sw.dir/Core/Src/utility.c.obj
 .debug_macro   0x00016dc4      0x269 CMakeFiles/current_sink_sw.dir/Core/Src/main.c.obj
 .debug_macro   0x0001702d       0x16 CMakeFiles/current_sink_sw.dir/Core/Src/main.c.obj
 .debug_macro   0x00017043      0x1c7 CMakeFiles/current_sink_sw.dir/Core/Src/gpio.c.obj
 .debug_macro   0x0001720a      0x1c7 CMakeFiles/current_sink_sw.dir/Core/Src/adc.c.obj
 .debug_macro   0x000173d1      0x1c7 CMakeFiles/current_sink_sw.dir/Core/Src/i2c.c.obj
 .debug_macro   0x00017598      0x1c7 CMakeFiles/current_sink_sw.dir/Core/Src/stm32f0xx_it.c.obj
 .debug_macro   0x0001775f      0x1bd CMakeFiles/current_sink_sw.dir/Core/Src/stm32f0xx_hal_msp.c.obj
 .debug_macro   0x0001791c      0x1d2 CMakeFiles/current_sink_sw.dir/Drivers/STM32F0xx_HAL_Driver/Src/stm32f0xx_hal_adc.c.obj
 .debug_macro   0x00017aee      0x1c0 CMakeFiles/current_sink_sw.dir/Drivers/STM32F0xx_HAL_Driver/Src/stm32f0xx_hal_rcc.c.obj
 .debug_macro   0x00017cae      0x1c0 CMakeFiles/current_sink_sw.dir/Drivers/STM32F0xx_HAL_Driver/Src/stm32f0xx_hal_rcc_ex.c.obj
 .debug_macro   0x00017e6e      0x1d2 CMakeFiles/current_sink_sw.dir/Drivers/STM32F0xx_HAL_Driver/Src/stm32f0xx_hal.c.obj
 .debug_macro   0x00018040      0x27a CMakeFiles/current_sink_sw.dir/Drivers/STM32F0xx_HAL_Driver/Src/stm32f0xx_hal_i2c.c.obj
 .debug_macro   0x000182ba      0x1ae CMakeFiles/current_sink_sw.dir/Drivers/STM32F0xx_HAL_Driver/Src/stm32f0xx_hal_i2c_ex.c.obj
 .debug_macro   0x00018468      0x1b5 CMakeFiles/current_sink_sw.dir/Drivers/STM32F0xx_HAL_Driver/Src/stm32f0xx_hal_gpio.c.obj
 .debug_macro   0x0001861d      0x1ae CMakeFiles/current_sink_sw.dir/Drivers/STM32F0xx_HAL_Driver/Src/stm32f0xx_hal_cortex.c.obj
 .debug_macro   0x000187cb      0x1ae CMakeFiles/current_sink_sw.dir/Core/Src/system_stm32f0xx.c.obj

.debug_line     0x00000000     0xe16f
 .debug_line    0x00000000      0x7c0 CMakeFiles/current_sink_sw.dir/Core/Lib/MCP4728/MCP4728.c.obj
 .debug_line    0x000007c0      0x3b3 CMakeFiles/current_sink_sw.dir/Core/Lib/MCP4728/MCP4728_user.c.obj
 .debug_line    0x00000b73      0x350 CMakeFiles/current_sink_sw.dir/Core/Lib/segment_lib/segment_lib.c.obj
 .debug_line    0x00000ec3      0x950 CMakeFiles/current_sink_sw.dir/Core/Src/utility.c.obj
 .debug_line    0x00001813      0x9f4 CMakeFiles/current_sink_sw.dir/Core/Src/main.c.obj
 .debug_line    0x00002207      0x788 CMakeFiles/current_sink_sw.dir/Core/Src/gpio.c.obj
 .debug_line    0x0000298f      0x7ea CMakeFiles/current_sink_sw.dir/Core/Src/adc.c.obj
 .debug_line    0x00003179      0x7e5 CMakeFiles/current_sink_sw.dir/Core/Src/i2c.c.obj
 .debug_line    0x0000395e      0x804 CMakeFiles/current_sink_sw.dir/Core/Src/stm32f0xx_it.c.obj
 .debug_line    0x00004162      0x757 CMakeFiles/current_sink_sw.dir/Core/Src/stm32f0xx_hal_msp.c.obj
 .debug_line    0x000048b9     0x122f CMakeFiles/current_sink_sw.dir/Drivers/STM32F0xx_HAL_Driver/Src/stm32f0xx_hal_adc.c.obj
 .debug_line    0x00005ae8      0xe5f CMakeFiles/current_sink_sw.dir/Drivers/STM32F0xx_HAL_Driver/Src/stm32f0xx_hal_rcc.c.obj
 .debug_line    0x00006947      0xc13 CMakeFiles/current_sink_sw.dir/Drivers/STM32F0xx_HAL_Driver/Src/stm32f0xx_hal_rcc_ex.c.obj
 .debug_line    0x0000755a      0x9d2 CMakeFiles/current_sink_sw.dir/Drivers/STM32F0xx_HAL_Driver/Src/stm32f0xx_hal.c.obj
 .debug_line    0x00007f2c     0x3a8c CMakeFiles/current_sink_sw.dir/Drivers/STM32F0xx_HAL_Driver/Src/stm32f0xx_hal_i2c.c.obj
 .debug_line    0x0000b9b8      0x975 CMakeFiles/current_sink_sw.dir/Drivers/STM32F0xx_HAL_Driver/Src/stm32f0xx_hal_i2c_ex.c.obj
 .debug_line    0x0000c32d      0xb58 CMakeFiles/current_sink_sw.dir/Drivers/STM32F0xx_HAL_Driver/Src/stm32f0xx_hal_gpio.c.obj
 .debug_line    0x0000ce85      0xa7e CMakeFiles/current_sink_sw.dir/Drivers/STM32F0xx_HAL_Driver/Src/stm32f0xx_hal_cortex.c.obj
 .debug_line    0x0000d903      0x7df CMakeFiles/current_sink_sw.dir/Core/Src/system_stm32f0xx.c.obj
 .debug_line    0x0000e0e2       0x8d CMakeFiles/current_sink_sw.dir/startup_stm32f042x6.s.obj

.debug_str      0x00000000    0x871ad
 .debug_str     0x00000000     0x5847 CMakeFiles/current_sink_sw.dir/Core/Lib/MCP4728/MCP4728.c.obj
                               0x59ee (size before relaxing)
 .debug_str     0x00005847       0x59 CMakeFiles/current_sink_sw.dir/Core/Lib/MCP4728/MCP4728_user.c.obj
                               0x5697 (size before relaxing)
 .debug_str     0x000058a0       0x6a CMakeFiles/current_sink_sw.dir/Core/Lib/segment_lib/segment_lib.c.obj
                               0x546f (size before relaxing)
 .debug_str     0x0000590a    0x7ef41 CMakeFiles/current_sink_sw.dir/Core/Src/utility.c.obj
                              0x84715 (size before relaxing)
 .debug_str     0x0008484b      0x319 CMakeFiles/current_sink_sw.dir/Core/Src/main.c.obj
                              0x844e5 (size before relaxing)
 .debug_str     0x00084b64      0x243 CMakeFiles/current_sink_sw.dir/Core/Src/gpio.c.obj
                              0x82b3c (size before relaxing)
 .debug_str     0x00084da7      0x247 CMakeFiles/current_sink_sw.dir/Core/Src/adc.c.obj
                              0x82f50 (size before relaxing)
 .debug_str     0x00084fee       0x81 CMakeFiles/current_sink_sw.dir/Core/Src/i2c.c.obj
                              0x82e65 (size before relaxing)
 .debug_str     0x0008506f      0x10a CMakeFiles/current_sink_sw.dir/Core/Src/stm32f0xx_it.c.obj
                              0x82c7b (size before relaxing)
 .debug_str     0x00085179       0x62 CMakeFiles/current_sink_sw.dir/Core/Src/stm32f0xx_hal_msp.c.obj
                              0x8289d (size before relaxing)
 .debug_str     0x000851db      0x3e0 CMakeFiles/current_sink_sw.dir/Drivers/STM32F0xx_HAL_Driver/Src/stm32f0xx_hal_adc.c.obj
                              0x82e60 (size before relaxing)
 .debug_str     0x000855bb      0x29f CMakeFiles/current_sink_sw.dir/Drivers/STM32F0xx_HAL_Driver/Src/stm32f0xx_hal_rcc.c.obj
                              0x82b9a (size before relaxing)
 .debug_str     0x0008585a      0x31f CMakeFiles/current_sink_sw.dir/Drivers/STM32F0xx_HAL_Driver/Src/stm32f0xx_hal_rcc_ex.c.obj
                              0x82b3d (size before relaxing)
 .debug_str     0x00085b79      0x367 CMakeFiles/current_sink_sw.dir/Drivers/STM32F0xx_HAL_Driver/Src/stm32f0xx_hal.c.obj
                              0x82d05 (size before relaxing)
 .debug_str     0x00085ee0      0xe3e CMakeFiles/current_sink_sw.dir/Drivers/STM32F0xx_HAL_Driver/Src/stm32f0xx_hal_i2c.c.obj
                              0x83ab1 (size before relaxing)
 .debug_str     0x00086d1e      0x104 CMakeFiles/current_sink_sw.dir/Drivers/STM32F0xx_HAL_Driver/Src/stm32f0xx_hal_i2c_ex.c.obj
                              0x82cb1 (size before relaxing)
 .debug_str     0x00086e22       0xf1 CMakeFiles/current_sink_sw.dir/Drivers/STM32F0xx_HAL_Driver/Src/stm32f0xx_hal_gpio.c.obj
                              0x828f4 (size before relaxing)
 .debug_str     0x00086f13      0x1b9 CMakeFiles/current_sink_sw.dir/Drivers/STM32F0xx_HAL_Driver/Src/stm32f0xx_hal_cortex.c.obj
                              0x82af6 (size before relaxing)
 .debug_str     0x000870cc       0x76 CMakeFiles/current_sink_sw.dir/Core/Src/system_stm32f0xx.c.obj
                              0x82753 (size before relaxing)
 .debug_str     0x00087142       0x6b CMakeFiles/current_sink_sw.dir/startup_stm32f042x6.s.obj
                                 0xb0 (size before relaxing)

.debug_line_str
                0x00000000       0x94
 .debug_line_str
                0x00000000       0x94 CMakeFiles/current_sink_sw.dir/startup_stm32f042x6.s.obj
